// Jest Snapshot v1, https://goo.gl/fbAQLP

exports[`renders the basic input 1`] = `
<p
  class=""
>
  foo
</p>
`;
