// Jest Snapshot v1, https://goo.gl/fbAQLP

exports[`renders the button group 1`] = `
<div
  class="btn__group"
>
  foo
</div>
`;
