// Jest Snapshot v1, https://goo.gl/fbAQLP

exports[`Renders the form actions wrapper 1`] = `
<div
  class="form__actions"
>
  foo
</div>
`;
