// Jest Snapshot v1, https://goo.gl/fbAQLP

exports[`renders the base elements 1`] = `
<li>
  foo
</li>
`;
